// Jest Snapshot v1, https://goo.gl/fbAQLP

exports[`SignupUser component should render correctly 1`] = `
ShallowWrapper {
  Symbol(enzyme.__root__): [Circular],
  Symbol(enzyme.__unrendered__): <CreateEntryModal
    dispatch={[MockFunction]}
    due_date=""
    handleChange={[MockFunction]}
    handleSubmit={[MockFunction]}
    history={
      Object {
        "push": [MockFunction],
      }
    }
    modalClose={[MockFunction]}
    name=""
    purpose=""
    store={
      Object {
        "clearActions": [Function],
        "dispatch": [Function],
        "getActions": [Function],
        "getState": [Function],
        "replaceReducer": [Function],
        "subscribe": [Function],
      }
    }
    toggle={[MockFunction]}
    type=""
  />,
  Symbol(enzyme.__renderer__): Object {
    "batchedUpdates": [Function],
    "getNode": [Function],
    "render": [Function],
    "simulateError": [Function],
    "simulateEvent": [Function],
    "unmount": [Function],
  },
  Symbol(enzyme.__node__): Object {
    "instance": null,
    "key": undefined,
    "nodeType": "host",
    "props": Object {
      "children": <CreateView
        closemodal={[Function]}
        due_date=""
        handleChange={[Function]}
        modal={false}
        name=""
        purpose=""
        toggle={[Function]}
        type=""
      />,
    },
    "ref": null,
    "rendered": Object {
      "instance": null,
      "key": undefined,
      "nodeType": "function",
      "props": Object {
        "classname": undefined,
        "closemodal": [Function],
        "due_date": "",
        "handleChange": [Function],
        "modal": false,
        "name": "",
        "purpose": "",
        "toggle": [Function],
        "type": "",
      },
      "ref": null,
      "rendered": null,
      "type": [Function],
    },
    "type": "div",
  },
  Symbol(enzyme.__nodes__): Array [
    Object {
      "instance": null,
      "key": undefined,
      "nodeType": "host",
      "props": Object {
        "children": <CreateView
          closemodal={[Function]}
          due_date=""
          handleChange={[Function]}
          modal={false}
          name=""
          purpose=""
          toggle={[Function]}
          type=""
        />,
      },
      "ref": null,
      "rendered": Object {
        "instance": null,
        "key": undefined,
        "nodeType": "function",
        "props": Object {
          "classname": undefined,
          "closemodal": [Function],
          "due_date": "",
          "handleChange": [Function],
          "modal": false,
          "name": "",
          "purpose": "",
          "toggle": [Function],
          "type": "",
        },
        "ref": null,
        "rendered": null,
        "type": [Function],
      },
      "type": "div",
    },
  ],
  Symbol(enzyme.__options__): Object {
    "adapter": ReactSixteenAdapter {
      "options": Object {
        "enableComponentDidUpdateOnSetState": true,
        "lifecycles": Object {
          "componentDidUpdate": Object {
            "onSetState": true,
          },
          "getDerivedStateFromProps": true,
          "getSnapshotBeforeUpdate": true,
          "setState": Object {
            "skipsComponentDidUpdateOnNullish": true,
          },
        },
      },
    },
  },
}
`;
